../Src/main.cpp:53:1:LED::LED()	16	static
../Src/main.cpp:61:1:LED::~LED()	16	static
../Src/main.cpp:67:6:void LED::Led_red_toggle()	24	static
../Src/main.cpp:72:6:void LED::Led_green_toggle()	24	static
../Src/main.cpp:77:6:void LED::Led_orange_toggle()	24	static
../Src/main.cpp:82:6:void LED::Led_blue_toggle()	24	static
../Src/main.cpp:87:2:LED::LED(uint8_t, uint8_t, LedState)	16	static
../Src/main.cpp:97:6:void LED::Led_state(LedState)	16	static
../Src/main.cpp:111:6:bool LED::Switch_state()	24	static
../Src/main.cpp:123:5:int main()	56	static
../Src/main.cpp:187:1:void __static_initialization_and_destruction_0(int, int)	16	static
../Src/main.cpp:187:1:cpp)	8	static
../Src/main.cpp:187:1:cpp)	8	static
